
=== 몰 시중가 반영 - 드라이런(쓰기 없음) ===
  GET 쪽1    상품번호 36개(새로 12개)  몰이 말한 전체 212건
  GET 쪽2    상품번호 36개(새로 12개)
  GET 쪽3    상품번호 36개(새로 12개)
  GET 쪽4    상품번호 36개(새로 12개)
  GET 쪽5    상품번호 36개(새로 12개)
  GET 쪽6    상품번호 36개(새로 12개)
  GET 쪽7    상품번호 36개(새로 12개)
  GET 쪽8    상품번호 36개(새로 12개)
  GET 쪽9    상품번호 36개(새로 12개)
  GET 쪽10   상품번호 36개(새로 12개)
  GET 쪽11   상품번호 36개(새로 12개)
  GET 쪽12   상품번호 36개(새로 12개)
  GET 쪽13   상품번호 36개(새로 12개)
  GET 쪽14   상품번호 36개(새로 12개)
  GET 쪽15   상품번호 36개(새로 12개)
  GET 쪽16   상품번호 36개(새로 12개)
  GET 쪽17   상품번호 36개(새로 12개)
  GET 쪽18   상품번호 24개(새로 8개)
  GET 쪽19   상품번호 0개(새로 0개)
목록 212건(몰이 말한 전체 212 · GET)
  50/212
  100/212
  150/212
  200/212
몰 자료 212건

바꿀 것 202건 (자동 승인 문턱 안 135건 · 문턱 밖 67건)
  98149  시중가 1940000 -> 1,820,000  (우리 판매가 1692800)
  100867  시중가 2060000 -> 2,020,000  (우리 판매가 1795500)
  97909  시중가 1600000 -> 1,460,000  (우리 판매가 1392700)
  102112  시중가 2190000 -> 2,170,000  (우리 판매가 1912700)
  112764  시중가 4520000 -> 4,680,000  (우리 판매가 3936300)
  121275  시중가 3010000 -> 2,770,000  (우리 판매가 2624600)
  97000  시중가 2850000 -> 2,700,000  (우리 판매가 2485100)
  121267  시중가 1550000 -> 1,460,000  (우리 판매가 1351200)
  99576  시중가 4720000 -> 4,740,000  (우리 판매가 4109400)
  121262  시중가 1790000 -> 1,690,000  (우리 판매가 1564900)
  ... 그 밖 192건
건너뜀 · 완제PC 아님 1건: 123456(ETC)
건너뜀 · 이미 같은 값 9건: 93454, 96988, 100866, 113315, 119302, 121504, 127206, 127207

드라이런입니다 — 아무것도 쓰지 않았습니다. 반영하려면 --apply.
문턱 밖 67건은 --approve-mall 없이는 검수 대기로 남습니다.
